error:':'(linea:5, columna: 8)
error:':'(linea:6, columna: 8)
error:'"'(linea:14, columna: 9)
error:':'(linea:14, columna: 53)
error:'"'(linea:14, columna: 55)
error:'"'(linea:17, columna: 9)
error:':'(linea:17, columna: 53)
error:'"'(linea:17, columna: 55)
error:'"'(linea:20, columna: 9)
error:':'(linea:20, columna: 53)
error:'"'(linea:20, columna: 55)
error:'"'(linea:25, columna: 10)
error:':'(linea:25, columna: 54)
error:'"'(linea:25, columna: 56)
error:'"'(linea:28, columna: 10)
error:':'(linea:28, columna: 54)
error:'"'(linea:28, columna: 56)
error:'"'(linea:31, columna: 10)
error:':'(linea:31, columna: 54)
error:'"'(linea:31, columna: 56)
error:'"'(linea:36, columna: 11)
error:':'(linea:36, columna: 55)
error:'"'(linea:36, columna: 57)
error:'"'(linea:39, columna: 11)
error:':'(linea:39, columna: 55)
error:'"'(linea:39, columna: 57)
error:'"'(linea:42, columna: 11)
error:':'(linea:42, columna: 55)
error:'"'(linea:42, columna: 57)
error:'"'(linea:49, columna: 7)
error:':'(linea:49, columna: 59)
error:'"'(linea:49, columna: 61)
error:'"'(linea:52, columna: 7)
error:':'(linea:52, columna: 59)
error:'"'(linea:52, columna: 61)
error:'"'(linea:56, columna: 7)
error:':'(linea:56, columna: 59)
error:'"'(linea:56, columna: 61)
error:':'(linea:58, columna: 8)
error:'"'(linea:62, columna: 9)
error:':'(linea:62, columna: 42)
error:'"'(linea:62, columna: 44)
error:'"'(linea:65, columna: 9)
error:':'(linea:65, columna: 42)
error:'"'(linea:65, columna: 44)
error:'"'(linea:68, columna: 9)
error:':'(linea:68, columna: 42)
error:'"'(linea:68, columna: 44)
error:'"'(linea:73, columna: 10)
error:':'(linea:73, columna: 43)
error:'"'(linea:73, columna: 45)
error:'"'(linea:76, columna: 10)
error:':'(linea:76, columna: 43)
error:'"'(linea:76, columna: 45)
error:'"'(linea:79, columna: 10)
error:':'(linea:79, columna: 43)
error:'"'(linea:79, columna: 45)
error:'"'(linea:84, columna: 11)
error:':'(linea:84, columna: 44)
error:'"'(linea:84, columna: 46)
error:'"'(linea:87, columna: 11)
error:':'(linea:87, columna: 44)
error:'"'(linea:87, columna: 46)
error:'"'(linea:90, columna: 11)
error:':'(linea:90, columna: 44)
error:'"'(linea:90, columna: 46)
error:'"'(linea:104, columna: 10)
error:':'(linea:104, columna: 67)
error:'"'(linea:104, columna: 69)
error:'"'(linea:108, columna: 11)
error:':'(linea:108, columna: 72)
error:'"'(linea:108, columna: 74)
error:'"'(linea:113, columna: 11)
error:':'(linea:113, columna: 68)
error:'"'(linea:113, columna: 70)
error:'"'(linea:120, columna: 10)
error:':'(linea:120, columna: 71)
error:'"'(linea:120, columna: 73)
error:'"'(linea:124, columna: 10)
error:':'(linea:124, columna: 71)
error:'"'(linea:124, columna: 73)
error:'"'(linea:132, columna: 9)
error:':'(linea:132, columna: 66)
error:'"'(linea:132, columna: 68)
error:'"'(linea:136, columna: 10)
error:':'(linea:136, columna: 71)
error:'"'(linea:136, columna: 73)
error:'"'(linea:140, columna: 10)
error:':'(linea:140, columna: 67)
error:'"'(linea:140, columna: 69)
error:'"'(linea:148, columna: 8)
error:'"'(linea:148, columna: 51)
error:'"'(linea:152, columna: 9)
error:'"'(linea:152, columna: 52)
error:'"'(linea:154, columna: 10)
error:'"'(linea:154, columna: 53)
error:'"'(linea:158, columna: 10)
error:'"'(linea:158, columna: 53)
error:'"'(linea:164, columna: 9)
error:'"'(linea:164, columna: 52)
error:'"'(linea:166, columna: 10)
error:'"'(linea:166, columna: 53)
error:'"'(linea:171, columna: 10)
error:'"'(linea:171, columna: 53)
